------------------------------------------------------------
TimeQuest Timing Analyzer Summary
------------------------------------------------------------

Type  : Slow 1200mV 85C Model Setup 'clock_25'
Slack : -3.596
TNS   : -213.448

Type  : Slow 1200mV 85C Model Setup 'CLOCK_50'
Slack : 0.079
TNS   : 0.000

Type  : Slow 1200mV 85C Model Hold 'CLOCK_50'
Slack : -0.155
TNS   : -0.155

Type  : Slow 1200mV 85C Model Hold 'clock_25'
Slack : 0.341
TNS   : 0.000

Type  : Slow 1200mV 85C Model Minimum Pulse Width 'CLOCK_50'
Slack : -3.000
TNS   : -4.000

Type  : Slow 1200mV 85C Model Minimum Pulse Width 'clock_25'
Slack : -2.174
TNS   : -88.174

Type  : Slow 1200mV 0C Model Setup 'clock_25'
Slack : -3.152
TNS   : -184.213

Type  : Slow 1200mV 0C Model Setup 'CLOCK_50'
Slack : 0.158
TNS   : 0.000

Type  : Slow 1200mV 0C Model Hold 'CLOCK_50'
Slack : -0.169
TNS   : -0.169

Type  : Slow 1200mV 0C Model Hold 'clock_25'
Slack : 0.299
TNS   : 0.000

Type  : Slow 1200mV 0C Model Minimum Pulse Width 'CLOCK_50'
Slack : -3.000
TNS   : -4.000

Type  : Slow 1200mV 0C Model Minimum Pulse Width 'clock_25'
Slack : -2.174
TNS   : -88.174

Type  : Fast 1200mV 0C Model Setup 'clock_25'
Slack : -1.364
TNS   : -76.554

Type  : Fast 1200mV 0C Model Setup 'CLOCK_50'
Slack : 0.217
TNS   : 0.000

Type  : Fast 1200mV 0C Model Hold 'CLOCK_50'
Slack : -0.058
TNS   : -0.058

Type  : Fast 1200mV 0C Model Hold 'clock_25'
Slack : 0.176
TNS   : 0.000

Type  : Fast 1200mV 0C Model Minimum Pulse Width 'CLOCK_50'
Slack : -3.000
TNS   : -4.229

Type  : Fast 1200mV 0C Model Minimum Pulse Width 'clock_25'
Slack : -1.000
TNS   : -87.000

------------------------------------------------------------
