------------------------------------------------------------
TimeQuest Timing Analyzer Summary
------------------------------------------------------------

Type  : Slow 1200mV 85C Model Setup 'clock_25'
Slack : -2.600
TNS   : -82.645

Type  : Slow 1200mV 85C Model Setup 'CLOCK_50'
Slack : 0.030
TNS   : 0.000

Type  : Slow 1200mV 85C Model Hold 'CLOCK_50'
Slack : -0.062
TNS   : -0.062

Type  : Slow 1200mV 85C Model Hold 'clock_25'
Slack : 0.357
TNS   : 0.000

Type  : Slow 1200mV 85C Model Minimum Pulse Width 'CLOCK_50'
Slack : -3.000
TNS   : -4.000

Type  : Slow 1200mV 85C Model Minimum Pulse Width 'clock_25'
Slack : -1.000
TNS   : -39.000

Type  : Slow 1200mV 0C Model Setup 'clock_25'
Slack : -2.238
TNS   : -70.282

Type  : Slow 1200mV 0C Model Setup 'CLOCK_50'
Slack : 0.101
TNS   : 0.000

Type  : Slow 1200mV 0C Model Hold 'CLOCK_50'
Slack : -0.090
TNS   : -0.090

Type  : Slow 1200mV 0C Model Hold 'clock_25'
Slack : 0.312
TNS   : 0.000

Type  : Slow 1200mV 0C Model Minimum Pulse Width 'CLOCK_50'
Slack : -3.000
TNS   : -4.000

Type  : Slow 1200mV 0C Model Minimum Pulse Width 'clock_25'
Slack : -1.000
TNS   : -39.000

Type  : Fast 1200mV 0C Model Setup 'clock_25'
Slack : -0.987
TNS   : -29.127

Type  : Fast 1200mV 0C Model Setup 'CLOCK_50'
Slack : 0.160
TNS   : 0.000

Type  : Fast 1200mV 0C Model Hold 'CLOCK_50'
Slack : 0.019
TNS   : 0.000

Type  : Fast 1200mV 0C Model Hold 'clock_25'
Slack : 0.187
TNS   : 0.000

Type  : Fast 1200mV 0C Model Minimum Pulse Width 'CLOCK_50'
Slack : -3.000
TNS   : -4.292

Type  : Fast 1200mV 0C Model Minimum Pulse Width 'clock_25'
Slack : -1.000
TNS   : -39.000

------------------------------------------------------------
