------------------------------------------------------------
TimeQuest Timing Analyzer Summary
------------------------------------------------------------

Type  : Slow 1200mV 85C Model Setup 'clock_25'
Slack : -3.790
TNS   : -209.268

Type  : Slow 1200mV 85C Model Setup 'CLOCK_50'
Slack : -0.006
TNS   : -0.006

Type  : Slow 1200mV 85C Model Hold 'CLOCK_50'
Slack : -0.030
TNS   : -0.030

Type  : Slow 1200mV 85C Model Hold 'clock_25'
Slack : 0.340
TNS   : 0.000

Type  : Slow 1200mV 85C Model Minimum Pulse Width 'CLOCK_50'
Slack : -3.000
TNS   : -4.000

Type  : Slow 1200mV 85C Model Minimum Pulse Width 'clock_25'
Slack : -2.174
TNS   : -88.174

Type  : Slow 1200mV 0C Model Setup 'clock_25'
Slack : -3.315
TNS   : -180.457

Type  : Slow 1200mV 0C Model Setup 'CLOCK_50'
Slack : 0.061
TNS   : 0.000

Type  : Slow 1200mV 0C Model Hold 'CLOCK_50'
Slack : -0.058
TNS   : -0.058

Type  : Slow 1200mV 0C Model Hold 'clock_25'
Slack : 0.297
TNS   : 0.000

Type  : Slow 1200mV 0C Model Minimum Pulse Width 'CLOCK_50'
Slack : -3.000
TNS   : -4.000

Type  : Slow 1200mV 0C Model Minimum Pulse Width 'clock_25'
Slack : -2.174
TNS   : -88.174

Type  : Fast 1200mV 0C Model Setup 'clock_25'
Slack : -1.471
TNS   : -74.485

Type  : Fast 1200mV 0C Model Setup 'CLOCK_50'
Slack : 0.149
TNS   : 0.000

Type  : Fast 1200mV 0C Model Hold 'CLOCK_50'
Slack : 0.024
TNS   : 0.000

Type  : Fast 1200mV 0C Model Hold 'clock_25'
Slack : 0.174
TNS   : 0.000

Type  : Fast 1200mV 0C Model Minimum Pulse Width 'CLOCK_50'
Slack : -3.000
TNS   : -4.266

Type  : Fast 1200mV 0C Model Minimum Pulse Width 'clock_25'
Slack : -1.000
TNS   : -87.000

------------------------------------------------------------
